Microsoft Windows [Version 10.0.19045.6456]
(c) Microsoft Corporation. All rights reserved.

D:\SourceCode\WMS_New\WMSNewBeta>